// Jest Snapshot v1, https://goo.gl/fbAQLP

exports[`Render Test Component renders correctly 1`] = `
Object {
  "asFragment": [Function],
  "baseElement": <body>
    <div>
      <div
        class="books"
      >
        <button
          class="book.id even-item"
          type="button"
        >
          <svg
            fill="currentColor"
            height="1em"
            stroke="currentColor"
            stroke-width="0"
            viewBox="0 0 24 24"
            width="1em"
            xmlns="http://www.w3.org/2000/svg"
          >
            <path
              d="M11.999,1.993c-5.514,0.001-10,4.487-10,10.001s4.486,10,10.001,10c5.513,0,9.999-4.486,10-10 C22,6.48,17.514,1.994,11.999,1.993z M12,19.994c-4.412,0-8.001-3.589-8.001-8s3.589-8,8-8.001C16.411,3.994,20,7.583,20,11.994 C19.999,16.405,16.41,19.994,12,19.994z"
            />
            <path
              d="M12 10.994L8 10.994 8 12.994 12 12.994 12 16 16.005 11.995 12 7.991z"
            />
          </svg>
          <h2>
            Romeo and Juliet
          </h2>
        </button>
      </div>
    </div>
  </body>,
  "container": <div>
    <div
      class="books"
    >
      <button
        class="book.id even-item"
        type="button"
      >
        <svg
          fill="currentColor"
          height="1em"
          stroke="currentColor"
          stroke-width="0"
          viewBox="0 0 24 24"
          width="1em"
          xmlns="http://www.w3.org/2000/svg"
        >
          <path
            d="M11.999,1.993c-5.514,0.001-10,4.487-10,10.001s4.486,10,10.001,10c5.513,0,9.999-4.486,10-10 C22,6.48,17.514,1.994,11.999,1.993z M12,19.994c-4.412,0-8.001-3.589-8.001-8s3.589-8,8-8.001C16.411,3.994,20,7.583,20,11.994 C19.999,16.405,16.41,19.994,12,19.994z"
          />
          <path
            d="M12 10.994L8 10.994 8 12.994 12 12.994 12 16 16.005 11.995 12 7.991z"
          />
        </svg>
        <h2>
          Romeo and Juliet
        </h2>
      </button>
    </div>
  </div>,
  "debug": [Function],
  "findAllByAltText": [Function],
  "findAllByDisplayValue": [Function],
  "findAllByLabelText": [Function],
  "findAllByPlaceholderText": [Function],
  "findAllByRole": [Function],
  "findAllByTestId": [Function],
  "findAllByText": [Function],
  "findAllByTitle": [Function],
  "findByAltText": [Function],
  "findByDisplayValue": [Function],
  "findByLabelText": [Function],
  "findByPlaceholderText": [Function],
  "findByRole": [Function],
  "findByTestId": [Function],
  "findByText": [Function],
  "findByTitle": [Function],
  "getAllByAltText": [Function],
  "getAllByDisplayValue": [Function],
  "getAllByLabelText": [Function],
  "getAllByPlaceholderText": [Function],
  "getAllByRole": [Function],
  "getAllByTestId": [Function],
  "getAllByText": [Function],
  "getAllByTitle": [Function],
  "getByAltText": [Function],
  "getByDisplayValue": [Function],
  "getByLabelText": [Function],
  "getByPlaceholderText": [Function],
  "getByRole": [Function],
  "getByTestId": [Function],
  "getByText": [Function],
  "getByTitle": [Function],
  "queryAllByAltText": [Function],
  "queryAllByDisplayValue": [Function],
  "queryAllByLabelText": [Function],
  "queryAllByPlaceholderText": [Function],
  "queryAllByRole": [Function],
  "queryAllByTestId": [Function],
  "queryAllByText": [Function],
  "queryAllByTitle": [Function],
  "queryByAltText": [Function],
  "queryByDisplayValue": [Function],
  "queryByLabelText": [Function],
  "queryByPlaceholderText": [Function],
  "queryByRole": [Function],
  "queryByTestId": [Function],
  "queryByText": [Function],
  "queryByTitle": [Function],
  "rerender": [Function],
  "unmount": [Function],
}
`;
